[13:14:04] ===== step 08_full_run start 2026-08-05 13:14:04 =====
[13:14:04] task: color=red shape=cylinder release=True
[13:14:05] GATE PASS: shape_supported (measured=cylinder)
[13:14:05] goto_pose iter0: pos=[0.181, 0.0046, 0.0075] pitch=88.6 err=52.7mm pitch_err=-1.6 bias=[0.0, 0.0, 0.0]
[13:14:08] goto_pose iter1: pos=[0.1731, 0.0036, 0.022] pitch=88.3 err=38.8mm pitch_err=-1.3 bias=[-1.0, -4.6, 30.0]
[13:14:10] goto_pose iter2: pos=[0.1737, 0.0015, 0.0376] pitch=86.6 err=23.3mm pitch_err=0.4 bias=[5.9, -8.2, 30.0]
[13:14:13] goto_pose iter3: pos=[0.1724, -0.0014, 0.0501] pitch=87.8 err=12.5mm pitch_err=-0.8 bias=[12.2, -9.6, 30.0]
[13:14:13] GATE PASS: reach_obs_pose (measured=[0.172, -0.001, 0.05])
[13:14:13] GATE PASS: target_visible (measured=red)
[13:14:16] u_align iter0: u=381 eu=-94
[13:14:19] u_align iter1: u=346 eu=-59
[13:14:23] u_align iter2: u=327 eu=-40
[13:14:26] u_align iter3: u=301 eu=-14
[13:14:29] u_align iter4: u=287 eu=+0
[13:14:29] GATE PASS: u_aligned (measured=287)
[13:14:29] advance iter0: x=0.160 z=0.043 u=286 v_bc=93 area=10118
[13:14:33] u_align iter0: u=287 eu=-0
[13:14:33] advance iter1: x=0.168 z=0.040 u=287 v_bc=102 area=11934
[13:14:37] u_align iter0: u=285 eu=+2
[13:14:37] advance iter2: x=0.179 z=0.037 u=285 v_bc=124 area=15678
[13:14:41] u_align iter0: u=284 eu=+3
[13:14:41] advance iter3: x=0.188 z=0.033 u=281 v_bc=124 area=16126
[13:14:44] u_align iter0: u=280 eu=+7
[13:14:45] advance iter4: x=0.202 z=0.033 u=280 v_bc=159 area=23682
[13:14:48] u_align iter0: u=285 eu=+2
[13:14:48] advance iter5: x=0.210 z=0.027 u=285 v_bc=177 area=28873
[13:14:52] u_align iter0: u=281 eu=+6
[13:14:52] advance iter6: x=0.218 z=0.021 u=281 v_bc=213 area=37571
[13:14:56] u_align iter0: u=276 eu=+11
[13:14:56] advance iter7: x=0.227 z=0.016 u=276 v_bc=239 area=45926
[13:15:00] u_align iter0: u=269 eu=+18
[13:15:03] u_align iter1: u=284 eu=+3
[13:15:03] advance iter8: x=0.224 z=0.000 u=284 v_bc=214 area=51892
[13:15:07] u_align iter0: u=279 eu=+8
[13:15:07] advance iter9: x=0.231 z=-0.006 u=279 v_bc=254 area=69918
[13:15:11] u_align iter0: u=275 eu=+12
[13:15:14] u_align iter1: u=277 eu=+10
[13:15:14] advance iter10: x=0.236 z=-0.013 u=277 v_bc=288 area=87308
[13:15:18] u_align iter0: u=272 eu=+15
[13:15:21] u_align iter1: u=276 eu=+11
[13:15:21] advance iter11: x=0.233 z=-0.020 u=276 v_bc=317 area=98064
[13:15:25] u_align iter0: u=275 eu=+12
[13:15:25] GATE FAIL: approach_done (measured=None, expected=逼近到位)
[13:16:09] ===== step 08_full_run start 2026-08-05 13:16:09 =====
[13:16:09] task: color=red shape=cylinder release=True
[13:16:10] GATE PASS: shape_supported (measured=cylinder)
[13:16:10] goto_pose iter0: pos=[0.2396, -0.0171, -0.0208] pitch=86.6 err=101.8mm pitch_err=0.4 bias=[0.0, 0.0, 0.0]
[13:16:12] goto_pose iter1: pos=[0.2203, -0.0148, -0.0113] pitch=89.0 err=83.2mm pitch_err=-2.0 bias=[-30.0, 17.1, 30.0]
[13:16:15] goto_pose iter2: pos=[0.2004, -0.0101, -0.0012] pitch=88.6 err=65.3mm pitch_err=-1.6 bias=[-30.0, 30.0, 30.0]
[13:16:18] goto_pose iter3: pos=[0.1842, -0.0054, 0.0103] pitch=87.6 err=50.2mm pitch_err=-0.6 bias=[-30.0, 30.0, 30.0]
[13:16:21] goto_pose iter4: pos=[0.1705, 0.0007, 0.024] pitch=87.4 err=37.3mm pitch_err=-0.4 bias=[-30.0, 30.0, 30.0]
[13:16:23] goto_pose iter5: pos=[0.1677, 0.0042, 0.0399] pitch=85.7 err=23.9mm pitch_err=1.3 bias=[-20.5, 29.3, 30.0]
[13:16:26] goto_pose iter6: pos=[0.1634, 0.0082, 0.0529] pitch=87.8 err=19.9mm pitch_err=-0.8 bias=[-8.2, 25.1, 30.0]
[13:16:29] goto_pose iter7: pos=[0.1747, 0.0081, 0.0631] pitch=86.6 err=10.1mm pitch_err=0.4 bias=[8.4, 16.9, 30.0]
[13:16:29] GATE PASS: reach_obs_pose (measured=[0.175, 0.008, 0.063])
[13:16:29] GATE PASS: target_visible (measured=red)
[13:16:32] u_align iter0: u=398 eu=-111
[13:16:35] u_align iter1: u=380 eu=-93
[13:16:38] u_align iter2: u=358 eu=-71
[13:16:42] u_align iter3: u=324 eu=-37
[13:16:45] u_align iter4: u=297 eu=-10
[13:16:45] GATE PASS: u_aligned (measured=297)
[13:16:45] advance iter0: x=0.159 z=0.052 u=294 v_bc=99 area=9808
[13:16:49] u_align iter0: u=297 eu=-10
[13:16:49] advance iter1: x=0.167 z=0.049 u=297 v_bc=110 area=12348
[13:16:53] u_align iter0: u=295 eu=-8
[13:16:53] advance iter2: x=0.176 z=0.044 u=295 v_bc=127 area=15442
[13:16:57] u_align iter0: u=294 eu=-7
[13:16:57] advance iter3: x=0.187 z=0.041 u=294 v_bc=141 area=18400
[13:17:00] u_align iter0: u=292 eu=-5
[13:17:00] advance iter4: x=0.197 z=0.037 u=293 v_bc=156 area=21886
[13:17:04] u_align iter0: u=289 eu=-2
[13:17:04] advance iter5: x=0.203 z=0.030 u=290 v_bc=162 area=24116
[13:17:08] u_align iter0: u=288 eu=-1
[13:17:08] advance iter6: x=0.211 z=0.025 u=287 v_bc=189 area=31120
[13:17:12] u_align iter0: u=285 eu=+2
[13:17:12] advance iter7: x=0.218 z=0.018 u=286 v_bc=199 area=37209
[13:17:16] u_align iter0: u=282 eu=+5
[13:17:16] advance iter8: x=0.227 z=0.012 u=282 v_bc=228 area=46804
[13:17:20] u_align iter0: u=274 eu=+13
[13:17:23] u_align iter1: u=283 eu=+4
[13:17:23] advance iter9: x=0.222 z=-0.004 u=288 v_bc=189 area=45804
[13:17:27] u_align iter0: u=300 eu=-13
[13:17:30] u_align iter1: u=297 eu=-10
[13:17:30] advance iter10: x=0.226 z=-0.014 u=297 v_bc=228 area=61542
[13:17:34] u_align iter0: u=297 eu=-10
[13:17:34] advance iter11: x=0.231 z=-0.017 u=297 v_bc=260 area=83251
[13:17:38] u_align iter0: u=297 eu=-10
[13:17:38] advance iter12: x=0.231 z=-0.021 u=297 v_bc=272 area=89042
[13:17:42] u_align iter0: u=298 eu=-11
[13:17:42] advance iter13: x=0.233 z=-0.023 u=298 v_bc=271 area=86158
[13:17:46] u_align iter0: u=298 eu=-11
[13:17:46] advance iter14: x=0.235 z=-0.025 u=299 v_bc=275 area=85840
[13:17:50] u_align iter0: u=302 eu=-15
[13:17:50] EXCEPTION: SafetyError: 当前位姿 ['0.234', '-0.016', '-0.030'] 超出工作空间，拒绝运动
[13:20:42] ===== step 08_full_run start 2026-08-05 13:20:42 =====
[13:20:42] task: color=red shape=cylinder release=True
[13:20:43] GATE PASS: shape_supported (measured=cylinder)
[13:20:43] goto_pose iter0: pos=[0.2043, -0.0129, -0.0059] pitch=88.3 err=71.4mm pitch_err=-1.3 bias=[0.0, 0.0, 0.0]
[13:20:45] goto_pose iter1: pos=[0.1911, -0.0096, 0.0073] pitch=87.8 err=54.7mm pitch_err=-0.8 bias=[-24.3, 12.9, 30.0]
[13:20:48] goto_pose iter2: pos=[0.1791, -0.0053, 0.0214] pitch=87.4 err=39.0mm pitch_err=-0.4 bias=[-30.0, 22.5, 30.0]
[13:20:51] goto_pose iter3: pos=[0.171, 0.0, 0.0358] pitch=86.9 err=25.8mm pitch_err=0.1 bias=[-29.1, 27.7, 30.0]
[13:20:54] goto_pose iter4: pos=[0.166, 0.0049, 0.0506] pitch=87.1 err=17.5mm pitch_err=-0.1 bias=[-20.1, 27.7, 30.0]
[13:20:56] goto_pose iter5: pos=[0.1644, 0.009, 0.0614] pitch=88.1 err=18.0mm pitch_err=-1.1 bias=[-6.1, 22.9, 30.0]
[13:20:59] goto_pose iter6: pos=[0.1758, 0.0074, 0.0677] pitch=86.6 err=11.4mm pitch_err=0.4 bias=[9.4, 13.9, 28.6]
[13:20:59] GATE PASS: reach_obs_pose (measured=[0.176, 0.007, 0.068])
[13:20:59] GATE PASS: target_visible (measured=red)
[13:21:02] u_align iter0: u=393 eu=-106
[13:21:05] u_align iter1: u=380 eu=-93
[13:21:09] u_align iter2: u=351 eu=-64
[13:21:12] u_align iter3: u=319 eu=-32
[13:21:15] u_align iter4: u=290 eu=-3
[13:21:15] GATE PASS: u_aligned (measured=290)
[13:21:15] advance iter0: x=0.153 z=0.050 u=290 v_bc=67 area=5368
[13:21:19] u_align iter0: u=292 eu=-5
[13:21:19] advance iter1: x=0.160 z=0.046 u=291 v_bc=77 area=6998
[13:21:23] u_align iter0: u=292 eu=-5
[13:21:23] advance iter2: x=0.170 z=0.042 u=296 v_bc=101 area=11400
[13:21:27] u_align iter0: u=291 eu=-4
[13:21:27] advance iter3: x=0.180 z=0.038 u=294 v_bc=123 area=15476
[13:21:31] u_align iter0: u=289 eu=-2
[13:21:31] advance iter4: x=0.185 z=0.032 u=289 v_bc=112 area=13271
[13:21:35] u_align iter0: u=288 eu=-1
[13:21:35] advance iter5: x=0.191 z=0.027 u=288 v_bc=119 area=15343
[13:21:38] u_align iter0: u=286 eu=+1
[13:21:38] advance iter6: x=0.197 z=0.021 u=286 v_bc=121 area=16144
[13:21:42] u_align iter0: u=285 eu=+2
[13:21:42] advance iter7: x=0.205 z=0.016 u=284 v_bc=143 area=21922
[13:21:46] u_align iter0: u=283 eu=+4
[13:21:46] advance iter8: x=0.212 z=0.011 u=282 v_bc=161 area=28425
[13:21:50] u_align iter0: u=280 eu=+7
[13:21:50] advance iter9: x=0.218 z=0.003 u=280 v_bc=198 area=40744
[13:21:54] u_align iter0: u=275 eu=+12
[13:21:54] advance iter10: x=0.227 z=-0.002 u=276 v_bc=221 area=53266
[13:21:58] u_align iter0: u=268 eu=+19
[13:22:01] u_align iter1: u=288 eu=-1
[13:22:01] advance iter11: x=0.224 z=-0.016 u=288 v_bc=218 area=60112
[13:22:05] u_align iter0: u=285 eu=+2
[13:22:05] advance iter12: x=0.230 z=-0.018 u=285 v_bc=239 area=73744
[13:22:09] u_align iter0: u=285 eu=+2
[13:22:09] advance iter13: x=0.231 z=-0.022 u=285 v_bc=252 area=80602
[13:22:13] u_align iter0: u=286 eu=+1
[13:22:13] advance iter14: x=0.232 z=-0.023 u=286 v_bc=253 area=79206
[13:22:16] u_align iter0: u=289 eu=-2
[13:22:17] advance iter15: x=0.233 z=-0.025 u=289 v_bc=255 area=77294
[13:22:17] advance iter15: z 到下限 -0.025，停止前进
[13:22:17] GATE PASS: approach_done (measured=None)
[13:22:17] approach: bc=(288,255)
[13:22:22] GATE PASS: grip_resistance (measured=goal=540 pos=506 err=-34)
[13:22:33] GATE PASS: held_after_lift (measured=35057)
[13:22:37] GATE PASS: held_after_lateral (measured=28310)
[13:22:55] released and retreated
[13:22:55] GATE PASS: release_verified (measured=1502)
[13:22:55] ===== step 08_full_run PASS =====
