[05:33:38] step 06_evaluate_ghost start 05:33:38
[05:33:38] gate predecessor 05_capture_motion STATUS=PASS: PASS (measured=PASS, threshold=PASS)
[05:33:38] loaded (150, 480, 640)
[05:33:39] raw: {"temporal": {"median_std_mm": 314.0924987792969, "p95_std_mm": 3906.688720703123, "eval_px": 263863}, "valid_ratio": 0.9066326388888889, "speckles": 7.08}
[05:33:44] time v1 mean=14.39 p95=15.94 | v2 mean=18.85 p95=20.66
[05:33:47] v1: {"temporal": {"median_std_mm": 44.846012115478516, "p95_std_mm": 2578.757226562502, "eval_px": 296007}, "valid_ratio": 0.9663982421875, "speckles": 0.25333333333333335, "ghost": {"mean": 0.22400332423678448, "p95": 0.2420008483070735}}
[05:33:47] v2: {"temporal": {"median_std_mm": 127.78599548339844, "p95_std_mm": 3088.3631347656183, "eval_px": 293754}, "valid_ratio": 0.9621572916666666, "speckles": 0.28, "ghost": {"mean": 0.05941748260513305, "p95": 0.06491025751053975}}
[05:33:53] gate ghost disagreement v2 <= 0.5x v1: PASS (measured=0.27x (v1=0.2240 v2=0.0594), threshold=<=0.5x)
[05:33:53] gate temporal std reduction >= 50%: PASS (measured=59.3%, threshold=>=50%)
[05:33:53] gate valid ratio drop <= 2pp: PASS (measured=-5.55pp, threshold=<=2pp)
[05:33:53] gate speckle reduction >= 70%: PASS (measured=96.0%, threshold=>=70%)
[05:33:53] gate v2 filter time p95 <= 15ms: FAIL (measured=20.66ms, threshold=<=15ms)
[05:33:53] step 06_evaluate_ghost FAIL
[05:36:59] step 06_evaluate_ghost start 05:36:59
[05:36:59] gate predecessor 05_capture_motion STATUS=PASS: PASS (measured=PASS, threshold=PASS)
[05:36:59] loaded (150, 480, 640)
[05:36:59] raw: {"temporal": {"median_std_mm": 314.0924987792969, "p95_std_mm": 3906.688720703123, "eval_px": 263863}, "valid_ratio": 0.9066326388888889, "speckles": 7.08}
[05:37:04] time v1 mean=14.37 p95=15.80 | v2 mean=16.69 p95=18.48
[05:37:07] v1: {"temporal": {"median_std_mm": 44.846012115478516, "p95_std_mm": 2578.757226562502, "eval_px": 296007}, "valid_ratio": 0.9663982421875, "speckles": 0.25333333333333335, "ghost": {"mean": 0.22400332423678448, "p95": 0.2420008483070735}}
[05:37:07] v2: {"temporal": {"median_std_mm": 127.78599548339844, "p95_std_mm": 3088.3631347656183, "eval_px": 293754}, "valid_ratio": 0.9621572916666666, "speckles": 0.28, "ghost": {"mean": 0.05941748260513305, "p95": 0.06491025751053975}}
[05:37:13] gate ghost disagreement v2 <= 0.5x v1: PASS (measured=0.27x (v1=0.2240 v2=0.0594), threshold=<=0.5x)
[05:37:13] gate temporal std reduction >= 50%: PASS (measured=59.3%, threshold=>=50%)
[05:37:13] gate valid ratio drop <= 2pp: PASS (measured=-5.55pp, threshold=<=2pp)
[05:37:13] gate speckle reduction >= 70%: PASS (measured=96.0%, threshold=>=70%)
[05:37:13] gate v2 filter time p95 <= 15ms: FAIL (measured=18.48ms, threshold=<=15ms)
[05:37:13] step 06_evaluate_ghost FAIL
[05:40:19] step 06_evaluate_ghost start 05:40:19
[05:40:19] gate predecessor 05_capture_motion STATUS=PASS: PASS (measured=PASS, threshold=PASS)
[05:40:19] loaded (150, 480, 640)
[05:40:20] raw: {"temporal": {"median_std_mm": 314.0924987792969, "p95_std_mm": 3906.688720703123, "eval_px": 263863}, "valid_ratio": 0.9066326388888889, "speckles": 7.08}
[05:40:24] time v1 mean=14.31 p95=15.77 | v2 mean=15.49 p95=16.78
[05:40:27] v1: {"temporal": {"median_std_mm": 44.846012115478516, "p95_std_mm": 2578.757226562502, "eval_px": 296007}, "valid_ratio": 0.9663982421875, "speckles": 0.25333333333333335, "ghost": {"mean": 0.22400332423678448, "p95": 0.2420008483070735}}
[05:40:27] v2: {"temporal": {"median_std_mm": 127.78599548339844, "p95_std_mm": 3088.3631347656183, "eval_px": 293754}, "valid_ratio": 0.9621572916666666, "speckles": 0.28, "ghost": {"mean": 0.05941748260513305, "p95": 0.06491025751053975}}
[05:40:33] gate ghost disagreement v2 <= 0.5x v1: PASS (measured=0.27x (v1=0.2240 v2=0.0594), threshold=<=0.5x)
[05:40:33] gate temporal std reduction >= 50%: PASS (measured=59.3%, threshold=>=50%)
[05:40:33] gate valid ratio drop <= 2pp: PASS (measured=-5.55pp, threshold=<=2pp)
[05:40:33] gate speckle reduction >= 70%: PASS (measured=96.0%, threshold=>=70%)
[05:40:33] gate v2 filter time p95 <= 20ms (extreme motion): PASS (measured=16.78ms, threshold=<=20ms)
[05:40:33] step 06_evaluate_ghost PASS
